[INFO] Scanning for projects...
[INFO] 
[INFO] --------------------< com.resortmanagement:system >---------------------
[INFO] Building system 0.0.1-SNAPSHOT
[INFO]   from pom.xml
[INFO] --------------------------------[ jar ]---------------------------------
[INFO] 
[INFO] --- clean:3.4.0:clean (default-clean) @ system ---
[INFO] Deleting C:\Users\nanda\Desktop\Resort_Management_System\target
[INFO] 
[INFO] --- resources:3.3.1:resources (default-resources) @ system ---
[INFO] Copying 1 resource from src\main\resources to target\classes
[INFO] Copying 3 resources from src\main\resources to target\classes
[INFO] 
[INFO] --- compiler:3.13.0:compile (default-compile) @ system ---
[INFO] Recompiling the module because of changed source code.
[INFO] Compiling 200 source files with javac [debug parameters release 21] to target\classes
[INFO] 
[INFO] --- resources:3.3.1:testResources (default-testResources) @ system ---
[INFO] Copying 0 resource from src\test\resources to target\test-classes
[INFO] 
[INFO] --- compiler:3.13.0:testCompile (default-testCompile) @ system ---
[INFO] Recompiling the module because of changed dependency.
[INFO] Compiling 1 source file with javac [debug parameters release 21] to target\test-classes
[INFO] 
[INFO] --- surefire:3.5.2:test (default-test) @ system ---
[INFO] Tests are skipped.
[INFO] 
[INFO] --- jar:3.4.2:jar (default-jar) @ system ---
[INFO] Building jar: C:\Users\nanda\Desktop\Resort_Management_System\target\system-0.0.1-SNAPSHOT.jar
[INFO] 
[INFO] --- spring-boot:3.4.1:repackage (repackage) @ system ---
[INFO] Replacing main artifact C:\Users\nanda\Desktop\Resort_Management_System\target\system-0.0.1-SNAPSHOT.jar with repackaged archive, adding nested dependencies in BOOT-INF/.
[INFO] The original artifact has been renamed to C:\Users\nanda\Desktop\Resort_Management_System\target\system-0.0.1-SNAPSHOT.jar.original
[INFO] 
[INFO] --- install:3.1.3:install (default-install) @ system ---
[INFO] Installing C:\Users\nanda\Desktop\Resort_Management_System\pom.xml to C:\Users\nanda\.m2\repository\com\resortmanagement\system\0.0.1-SNAPSHOT\system-0.0.1-SNAPSHOT.pom
[INFO] Installing C:\Users\nanda\Desktop\Resort_Management_System\target\system-0.0.1-SNAPSHOT.jar to C:\Users\nanda\.m2\repository\com\resortmanagement\system\0.0.1-SNAPSHOT\system-0.0.1-SNAPSHOT.jar
[INFO] ------------------------------------------------------------------------
[INFO] BUILD SUCCESS
[INFO] ------------------------------------------------------------------------
[INFO] Total time:  5.012 s
[INFO] Finished at: 2026-02-07T20:25:14+05:30
[INFO] ------------------------------------------------------------------------
